2026-03-19 01:46:15.170: [INFO][Sync] Reset engine, reason: 8
2026-03-19 01:46:15.170: [INFO][Sync] Stopped: Bookmarks
2026-03-19 01:46:15.170: [INFO][Sync] Stopped: Preferences
2026-03-19 01:46:15.170: [INFO][Sync] Stopped: Passwords
2026-03-19 01:46:15.170: [INFO][Sync] Stopped: Autofill Profiles
2026-03-19 01:46:15.170: [INFO][Sync] Stopped: Autofill
2026-03-19 01:46:15.170: [INFO][Sync] Stopped: Extensions
2026-03-19 01:46:15.170: [INFO][Sync] Stopped: Sessions
2026-03-19 01:46:15.170: [INFO][Sync] Stopped: Extension settings
2026-03-19 01:46:15.170: [INFO][Sync] Stopped: History Delete Directives
2026-03-19 01:46:15.170: [INFO][Sync] Stopped: Device Info
2026-03-19 01:46:15.170: [INFO][Sync] Stopped: User Consents
2026-03-19 01:46:15.170: [INFO][Sync] Stopped: Send Tab To Self
2026-03-19 01:46:15.170: [INFO][Sync] Stopped: Web Apps
2026-03-19 01:46:15.170: [INFO][Sync] Stopped: History
2026-03-19 01:46:15.170: [INFO][Sync] Stopped: Saved Tab Group
2026-03-19 01:46:15.170: [INFO][Sync] Stopped: WebAuthn Credentials
2026-03-19 01:46:15.170: [INFO][Sync] Stopped: Collection
2026-03-19 01:46:15.170: [INFO][Sync] Stopped: Edge E Drop
2026-03-19 01:46:15.170: [INFO][Sync] Stopped: Edge Hub App Usage
2026-03-19 01:46:15.170: [INFO][Sync] Stopped: Edge Wallet
2026-03-19 01:46:15.170: [INFO][Sync] Stopped: Edge Workspace
2026-03-19 01:46:15.170: [INFO][Sync] SyncState after authenticated was: NotSignedIn
2026-03-19 01:46:15.432: [INFO][Sync] Reset engine, reason: 8
2026-03-19 01:46:15.432: [INFO][Sync] Stopped: Bookmarks
2026-03-19 01:46:15.432: [INFO][Sync] Stopped: Preferences
2026-03-19 01:46:15.432: [INFO][Sync] Stopped: Passwords
2026-03-19 01:46:15.432: [INFO][Sync] Stopped: Autofill Profiles
2026-03-19 01:46:15.432: [INFO][Sync] Stopped: Autofill
2026-03-19 01:46:15.432: [INFO][Sync] Stopped: Extensions
2026-03-19 01:46:15.432: [INFO][Sync] Stopped: Sessions
2026-03-19 01:46:15.432: [INFO][Sync] Stopped: Extension settings
2026-03-19 01:46:15.432: [INFO][Sync] Stopped: History Delete Directives
2026-03-19 01:46:15.432: [INFO][Sync] Stopped: Device Info
2026-03-19 01:46:15.432: [INFO][Sync] Stopped: User Consents
2026-03-19 01:46:15.432: [INFO][Sync] Stopped: Send Tab To Self
2026-03-19 01:46:15.432: [INFO][Sync] Stopped: Web Apps
2026-03-19 01:46:15.432: [INFO][Sync] Stopped: History
2026-03-19 01:46:15.432: [INFO][Sync] Stopped: Saved Tab Group
2026-03-19 01:46:15.432: [INFO][Sync] Stopped: WebAuthn Credentials
2026-03-19 01:48:27.939: [INFO][Sync] Reset engine, reason: 8
2026-03-19 01:48:27.939: [INFO][Sync] Stopped: Bookmarks
2026-03-19 01:48:27.939: [INFO][Sync] Stopped: Preferences
2026-03-19 01:48:27.939: [INFO][Sync] Stopped: Passwords
2026-03-19 01:48:27.939: [INFO][Sync] Stopped: Autofill Profiles
2026-03-19 01:48:27.939: [INFO][Sync] Stopped: Autofill
2026-03-19 01:48:27.939: [INFO][Sync] Stopped: Extensions
2026-03-19 01:48:27.939: [INFO][Sync] Stopped: Sessions
2026-03-19 01:48:27.939: [INFO][Sync] Stopped: Extension settings
2026-03-19 01:48:27.939: [INFO][Sync] Stopped: History Delete Directives
2026-03-19 01:48:27.939: [INFO][Sync] Stopped: Device Info
2026-03-19 01:48:27.939: [INFO][Sync] Stopped: User Consents
2026-03-19 01:48:27.939: [INFO][Sync] Stopped: Send Tab To Self
2026-03-19 01:48:27.939: [INFO][Sync] Stopped: Web Apps
2026-03-19 01:48:27.939: [INFO][Sync] Stopped: History
2026-03-19 01:48:27.939: [INFO][Sync] Stopped: Saved Tab Group
2026-03-19 01:48:27.939: [INFO][Sync] Stopped: WebAuthn Credentials
2026-03-19 01:48:27.939: [INFO][Sync] Stopped: Collection
2026-03-19 01:48:27.939: [INFO][Sync] Stopped: Edge E Drop
2026-03-19 01:48:27.939: [INFO][Sync] Stopped: Edge Hub App Usage
2026-03-19 01:48:27.939: [INFO][Sync] Stopped: Edge Wallet
2026-03-19 01:48:27.939: [INFO][Sync] Stopped: Edge Workspace
2026-03-19 01:48:27.939: [INFO][Sync] SyncState after authenticated was: NotSignedIn
2026-03-19 01:48:28.225: [INFO][Sync] Reset engine, reason: 8
2026-03-19 01:48:28.225: [INFO][Sync] Stopped: Bookmarks
2026-03-19 01:48:28.225: [INFO][Sync] Stopped: Preferences
2026-03-19 01:48:28.225: [INFO][Sync] Stopped: Passwords
2026-03-19 01:48:28.225: [INFO][Sync] Stopped: Autofill Profiles
2026-03-19 01:48:28.225: [INFO][Sync] Stopped: Autofill
2026-03-19 01:48:28.225: [INFO][Sync] Stopped: Extensions
2026-03-19 01:48:28.225: [INFO][Sync] Stopped: Sessions
2026-03-19 01:48:28.225: [INFO][Sync] Stopped: Extension settings
2026-03-19 01:48:28.225: [INFO][Sync] Stopped: History Delete Directives
2026-03-19 01:48:28.225: [INFO][Sync] Stopped: Device Info
2026-03-19 01:48:28.225: [INFO][Sync] Stopped: User Consents
2026-03-19 01:48:28.225: [INFO][Sync] Stopped: Send Tab To Self
2026-03-19 01:48:28.225: [INFO][Sync] Stopped: Web Apps
2026-03-19 01:48:28.225: [INFO][Sync] Stopped: History
2026-03-19 01:48:28.225: [INFO][Sync] Stopped: Saved Tab Group
2026-03-19 01:48:28.225: [INFO][Sync] Stopped: WebAuthn Credentials
2026-03-19 01:48:28.225: [INFO][Sync] Stopped: Collection
2026-03-19 01:48:28.225: [INFO][Sync] Stopped: Edge E Drop
2026-03-19 01:48:28.225: [INFO][Sync] Stopped: Edge Hub App Usage
2026-03-19 01:48:28.225: [INFO][Sync] Stopped: Edge Wallet
2026-03-19 01:48:28.225: [INFO][Sync] Stopped: Edge Workspace
2026-03-19 01:54:16.874: [INFO][Sync] Reset engine, reason: 8
2026-03-19 01:54:16.874: [INFO][Sync] Stopped: Bookmarks
2026-03-19 01:54:16.874: [INFO][Sync] Stopped: Preferences
2026-03-19 01:54:16.874: [INFO][Sync] Stopped: Passwords
2026-03-19 01:54:16.874: [INFO][Sync] Stopped: Autofill Profiles
2026-03-19 01:54:16.874: [INFO][Sync] Stopped: Autofill
2026-03-19 01:54:16.874: [INFO][Sync] Stopped: Extensions
2026-03-19 01:54:16.874: [INFO][Sync] Stopped: Sessions
2026-03-19 01:54:16.874: [INFO][Sync] Stopped: Extension settings
2026-03-19 01:54:16.874: [INFO][Sync] Stopped: History Delete Directives
2026-03-19 01:54:16.874: [INFO][Sync] Stopped: Device Info
2026-03-19 01:54:16.874: [INFO][Sync] Stopped: User Consents
2026-03-19 01:54:16.874: [INFO][Sync] Stopped: Send Tab To Self
2026-03-19 01:54:16.874: [INFO][Sync] Stopped: Web Apps
2026-03-19 01:54:16.874: [INFO][Sync] Stopped: History
2026-03-19 01:54:16.874: [INFO][Sync] Stopped: Saved Tab Group
2026-03-19 01:54:16.874: [INFO][Sync] Stopped: WebAuthn Credentials
2026-03-19 01:54:16.874: [INFO][Sync] Stopped: Collection
2026-03-19 01:54:16.874: [INFO][Sync] Stopped: Edge E Drop
2026-03-19 01:54:16.874: [INFO][Sync] Stopped: Edge Hub App Usage
2026-03-19 01:54:16.874: [INFO][Sync] Stopped: Edge Wallet
2026-03-19 01:54:16.874: [INFO][Sync] Stopped: Edge Workspace
2026-03-19 01:54:16.874: [INFO][Sync] SyncState after authenticated was: NotSignedIn
2026-03-19 01:54:17.099: [INFO][Sync] Reset engine, reason: 8
2026-03-19 01:54:17.099: [INFO][Sync] Stopped: Bookmarks
2026-03-19 01:54:17.099: [INFO][Sync] Stopped: Preferences
2026-03-19 01:54:17.099: [INFO][Sync] Stopped: Passwords
2026-03-19 01:54:17.099: [INFO][Sync] Stopped: Autofill Profiles
2026-03-19 01:54:17.099: [INFO][Sync] Stopped: Autofill
2026-03-19 01:54:17.099: [INFO][Sync] Stopped: Extensions
2026-03-19 01:54:17.099: [INFO][Sync] Stopped: Sessions
2026-03-19 01:54:17.099: [INFO][Sync] Stopped: Extension settings
2026-03-19 01:54:17.099: [INFO][Sync] Stopped: History Delete Directives
2026-03-19 01:54:17.099: [INFO][Sync] Stopped: Device Info
2026-03-19 01:54:17.099: [INFO][Sync] Stopped: User Consents
2026-03-19 01:54:17.099: [INFO][Sync] Stopped: Send Tab To Self
2026-03-19 01:54:17.099: [INFO][Sync] Stopped: Web Apps
2026-03-19 01:54:17.099: [INFO][Sync] Stopped: History
2026-03-19 01:54:17.099: [INFO][Sync] Stopped: Saved Tab Group
2026-03-19 01:54:17.099: [INFO][Sync] Stopped: WebAuthn Credentials
2026-03-19 01:54:17.099: [INFO][Sync] Stopped: Collection
2026-03-19 01:54:17.099: [INFO][Sync] Stopped: Edge E Drop
2026-03-19 01:54:17.099: [INFO][Sync] Stopped: Edge Hub App Usage
2026-03-19 01:54:17.099: [INFO][Sync] Stopped: Edge Wallet
2026-03-19 01:54:17.099: [INFO][Sync] Stopped: Edge Workspace
2026-03-19 02:27:49.339: [INFO][Sync] Reset engine, reason: 8
2026-03-19 02:27:49.339: [INFO][Sync] Stopped: Bookmarks
2026-03-19 02:27:49.339: [INFO][Sync] Stopped: Preferences
2026-03-19 02:27:49.339: [INFO][Sync] Stopped: Passwords
2026-03-19 02:27:49.339: [INFO][Sync] Stopped: Autofill Profiles
2026-03-19 02:27:49.339: [INFO][Sync] Stopped: Autofill
2026-03-19 02:27:49.339: [INFO][Sync] Stopped: Extensions
2026-03-19 02:27:49.339: [INFO][Sync] Stopped: Sessions
2026-03-19 02:27:49.339: [INFO][Sync] Stopped: Extension settings
2026-03-19 02:27:49.339: [INFO][Sync] Stopped: History Delete Directives
2026-03-19 02:27:49.339: [INFO][Sync] Stopped: Device Info
2026-03-19 02:27:49.339: [INFO][Sync] Stopped: User Consents
2026-03-19 02:27:49.339: [INFO][Sync] Stopped: Send Tab To Self
2026-03-19 02:27:49.339: [INFO][Sync] Stopped: Web Apps
2026-03-19 02:27:49.339: [INFO][Sync] Stopped: History
2026-03-19 02:27:49.339: [INFO][Sync] Stopped: Saved Tab Group
2026-03-19 02:27:49.339: [INFO][Sync] Stopped: WebAuthn Credentials
2026-03-19 02:27:49.339: [INFO][Sync] Stopped: Collection
2026-03-19 02:27:49.339: [INFO][Sync] Stopped: Edge E Drop
2026-03-19 02:27:49.339: [INFO][Sync] Stopped: Edge Hub App Usage
2026-03-19 02:27:49.339: [INFO][Sync] Stopped: Edge Wallet
2026-03-19 02:27:49.339: [INFO][Sync] Stopped: Edge Workspace
2026-03-19 02:27:49.339: [INFO][Sync] SyncState after authenticated was: NotSignedIn
2026-03-19 02:27:49.913: [INFO][Sync] Reset engine, reason: 8
2026-03-19 02:27:49.913: [INFO][Sync] Stopped: Bookmarks
